Archive member included to satisfy reference by file (symbol)

/usr/lib/gcc/arm-none-eabi/6.3.1/libgcc.a(_udivsi3.o)
                              build/stdio.o (__aeabi_uidiv)
/usr/lib/gcc/arm-none-eabi/6.3.1/libgcc.a(_dvmd_tls.o)
                              /usr/lib/gcc/arm-none-eabi/6.3.1/libgcc.a(_udivsi3.o) (__aeabi_idiv0)

Allocating common symbols
Common symbol       size              file

sMsgQ               0x618             build/msg.o

Memory Configuration

Name             Origin             Length             Attributes
*default*        0x0000000000000000 0xffffffffffffffff

Linker script and memory map

LOAD build/Entry.os
LOAD build/Handler.o
LOAD build/main.o
LOAD build/Regs.o
LOAD build/Interrupt.o
LOAD build/Uart.o
LOAD build/Timer.o
LOAD build/stdlib.o
LOAD build/stdio.o
LOAD build/armcpu.o
LOAD build/task.o
LOAD build/msg.o
LOAD build/event.o
LOAD build/Kernel.o
LOAD /usr/lib/gcc/arm-none-eabi/6.3.1/libgcc.a
                0x0000000000000000                . = 0x0

.text           0x0000000000000000     0x20c4
 *(vector_start)
 *(.text .rodata)
 .text          0x0000000000000000       0xd4 build/Entry.os
                0x0000000000000000                vector_start
                0x000000000000003c                vector_end
 .text          0x00000000000000d4       0x24 build/Handler.o
                0x00000000000000d4                Irq_Handler
                0x00000000000000f0                Fiq_Handler
 .text          0x00000000000000f8      0x4dc build/main.o
                0x00000000000000f8                main
                0x0000000000000258                User_task0
                0x00000000000003c8                User_task1
                0x0000000000000484                User_task2
 .rodata        0x00000000000005d4      0x198 build/main.o
 .text          0x000000000000076c        0x0 build/Regs.o
 .text          0x000000000000076c      0x2ec build/Interrupt.o
                0x000000000000076c                Hal_interrupt_init
                0x0000000000000808                Hal_interrupt_enable
                0x00000000000008cc                Hal_interrupt_disable
                0x0000000000000998                Hal_interrupt_register_handler
                0x00000000000009d0                Hal_interrupt_run_handler
 .text          0x0000000000000a58      0x1d0 build/Uart.o
                0x0000000000000a58                Hal_uart_init
                0x0000000000000af8                Hal_uart_put_char
                0x0000000000000b54                Hal_uart_get_char
 .text          0x0000000000000c28      0x210 build/Timer.o
                0x0000000000000c28                Hal_timer_init
                0x0000000000000dcc                Hal_timer_get_1ms_counter
 .text          0x0000000000000e38       0xa0 build/stdlib.o
                0x0000000000000e38                delay
                0x0000000000000e80                memclr
 .text          0x0000000000000ed8      0x448 build/stdio.o
                0x0000000000000ed8                putstr
                0x0000000000000f38                debug_printf
                0x0000000000000f88                vsprintf
                0x000000000000120c                utoa
 .rodata        0x0000000000001320        0x7 build/stdio.o
 *fill*         0x0000000000001327        0x1 
 .text          0x0000000000001328       0xb0 build/armcpu.o
                0x0000000000001328                enable_irq
                0x0000000000001354                enable_fiq
                0x0000000000001380                disable_irq
                0x00000000000013ac                disable_fiq
 .text          0x00000000000013d8      0x410 build/task.o
                0x00000000000013d8                Kernel_task_init
                0x0000000000001520                Kernel_task_start
                0x0000000000001560                Kernel_task_create
                0x0000000000001608                Kernel_task_scheduler
                0x000000000000165c                Kernel_task_context_switching
 .text          0x00000000000017e8      0x418 build/msg.o
                0x00000000000017e8                Kernel_msgQ_init
                0x0000000000001890                Kernel_msgQ_is_empty
                0x0000000000001918                Kernel_msgQ_is_full
                0x00000000000019a8                Kernel_msgQ_enqueue
                0x0000000000001ae0                Kernel_msgQ_dequeue
 .text          0x0000000000001c00       0xf8 build/event.o
                0x0000000000001c00                Kernel_event_flag_init
                0x0000000000001c28                Kernel_event_flag_set
                0x0000000000001c68                Kernel_event_flag_clear
                0x0000000000001cac                Kernel_event_flag_check
 .text          0x0000000000001cf8      0x2b4 build/Kernel.o
                0x0000000000001cf8                Kernel_start
                0x0000000000001d0c                Kernel_yield
                0x0000000000001d20                Kernel_send_events
                0x0000000000001da4                Kernel_wait_events
                0x0000000000001e40                Kernel_send_msg
                0x0000000000001f18                Kernel_recv_msg
 .text          0x0000000000001fac      0x114 /usr/lib/gcc/arm-none-eabi/6.3.1/libgcc.a(_udivsi3.o)
                0x0000000000001fac                __udivsi3
                0x0000000000001fac                __aeabi_uidiv
                0x00000000000020a0                __aeabi_uidivmod
 .text          0x00000000000020c0        0x4 /usr/lib/gcc/arm-none-eabi/6.3.1/libgcc.a(_dvmd_tls.o)
                0x00000000000020c0                __aeabi_ldiv0
                0x00000000000020c0                __aeabi_idiv0

.glue_7         0x00000000000020c4        0x0
 .glue_7        0x00000000000020c4        0x0 linker stubs

.glue_7t        0x00000000000020c4        0x0
 .glue_7t       0x00000000000020c4        0x0 linker stubs

.vfp11_veneer   0x00000000000020c4        0x0
 .vfp11_veneer  0x00000000000020c4        0x0 linker stubs

.v4_bx          0x00000000000020c4        0x0
 .v4_bx         0x00000000000020c4        0x0 linker stubs

.iplt           0x00000000000020c4        0x0
 .iplt          0x00000000000020c4        0x0 build/Entry.os

.rel.dyn        0x00000000000020c4        0x0
 .rel.iplt      0x00000000000020c4        0x0 build/Entry.os

.data           0x00000000000020c4        0xc
 *(.data)
 .data          0x00000000000020c4        0x0 build/Entry.os
 .data          0x00000000000020c4        0x0 build/Handler.o
 .data          0x00000000000020c4        0x0 build/main.o
 .data          0x00000000000020c4        0xc build/Regs.o
                0x00000000000020c4                Uart
                0x00000000000020c8                GicCpu
                0x00000000000020cc                GicDist
 .data          0x00000000000020d0        0x0 build/Interrupt.o
 .data          0x00000000000020d0        0x0 build/Uart.o
 .data          0x00000000000020d0        0x0 build/Timer.o
 .data          0x00000000000020d0        0x0 build/stdlib.o
 .data          0x00000000000020d0        0x0 build/stdio.o
 .data          0x00000000000020d0        0x0 build/armcpu.o
 .data          0x00000000000020d0        0x0 build/task.o
 .data          0x00000000000020d0        0x0 build/msg.o
 .data          0x00000000000020d0        0x0 build/event.o
 .data          0x00000000000020d0        0x0 build/Kernel.o
 .data          0x00000000000020d0        0x0 /usr/lib/gcc/arm-none-eabi/6.3.1/libgcc.a(_udivsi3.o)
 .data          0x00000000000020d0        0x0 /usr/lib/gcc/arm-none-eabi/6.3.1/libgcc.a(_dvmd_tls.o)

.igot.plt       0x00000000000020d0        0x0
 .igot.plt      0x00000000000020d0        0x0 build/Entry.os

.bss            0x00000000000020d0     0x112c
 *(.bss)
 .bss           0x00000000000020d0        0x0 build/Entry.os
 .bss           0x00000000000020d0        0x0 build/Handler.o
 .bss           0x00000000000020d0        0x0 build/main.o
 .bss           0x00000000000020d0        0x0 build/Regs.o
 .bss           0x00000000000020d0      0x3fc build/Interrupt.o
 .bss           0x00000000000024cc        0x0 build/Uart.o
 .bss           0x00000000000024cc        0x4 build/Timer.o
 .bss           0x00000000000024d0        0x0 build/stdlib.o
 .bss           0x00000000000024d0      0x400 build/stdio.o
 .bss           0x00000000000028d0        0x0 build/armcpu.o
 .bss           0x00000000000028d0      0x310 build/task.o
 .bss           0x0000000000002be0        0x0 build/msg.o
 .bss           0x0000000000002be0        0x4 build/event.o
 .bss           0x0000000000002be4        0x0 build/Kernel.o
 .bss           0x0000000000002be4        0x0 /usr/lib/gcc/arm-none-eabi/6.3.1/libgcc.a(_udivsi3.o)
 .bss           0x0000000000002be4        0x0 /usr/lib/gcc/arm-none-eabi/6.3.1/libgcc.a(_dvmd_tls.o)
 COMMON         0x0000000000002be4      0x618 build/msg.o
                0x0000000000002be4                sMsgQ
OUTPUT(build/SimpleOS.axf elf32-littlearm)

.ARM.attributes
                0x0000000000000000       0x33
 .ARM.attributes
                0x0000000000000000       0x25 build/Entry.os
 .ARM.attributes
                0x0000000000000025       0x37 build/Handler.o
 .ARM.attributes
                0x000000000000005c       0x37 build/main.o
 .ARM.attributes
                0x0000000000000093       0x37 build/Regs.o
 .ARM.attributes
                0x00000000000000ca       0x37 build/Interrupt.o
 .ARM.attributes
                0x0000000000000101       0x37 build/Uart.o
 .ARM.attributes
                0x0000000000000138       0x37 build/Timer.o
 .ARM.attributes
                0x000000000000016f       0x37 build/stdlib.o
 .ARM.attributes
                0x00000000000001a6       0x37 build/stdio.o
 .ARM.attributes
                0x00000000000001dd       0x37 build/armcpu.o
 .ARM.attributes
                0x0000000000000214       0x37 build/task.o
 .ARM.attributes
                0x000000000000024b       0x37 build/msg.o
 .ARM.attributes
                0x0000000000000282       0x37 build/event.o
 .ARM.attributes
                0x00000000000002b9       0x37 build/Kernel.o
 .ARM.attributes
                0x00000000000002f0       0x18 /usr/lib/gcc/arm-none-eabi/6.3.1/libgcc.a(_udivsi3.o)
 .ARM.attributes
                0x0000000000000308       0x18 /usr/lib/gcc/arm-none-eabi/6.3.1/libgcc.a(_dvmd_tls.o)

.comment        0x0000000000000000       0x31
 .comment       0x0000000000000000       0x31 build/Handler.o
                                         0x32 (size before relaxing)
 .comment       0x0000000000000031       0x32 build/main.o
 .comment       0x0000000000000031       0x32 build/Regs.o
 .comment       0x0000000000000031       0x32 build/Interrupt.o
 .comment       0x0000000000000031       0x32 build/Uart.o
 .comment       0x0000000000000031       0x32 build/Timer.o
 .comment       0x0000000000000031       0x32 build/stdlib.o
 .comment       0x0000000000000031       0x32 build/stdio.o
 .comment       0x0000000000000031       0x32 build/armcpu.o
 .comment       0x0000000000000031       0x32 build/task.o
 .comment       0x0000000000000031       0x32 build/msg.o
 .comment       0x0000000000000031       0x32 build/event.o
 .comment       0x0000000000000031       0x32 build/Kernel.o

.debug_line     0x0000000000000000      0x931
 .debug_line    0x0000000000000000       0x6d build/Entry.os
 .debug_line    0x000000000000006d       0x44 build/Handler.o
 .debug_line    0x00000000000000b1      0x109 build/main.o
 .debug_line    0x00000000000001ba       0x63 build/Regs.o
 .debug_line    0x000000000000021d       0xd0 build/Interrupt.o
 .debug_line    0x00000000000002ed       0xa6 build/Uart.o
 .debug_line    0x0000000000000393       0x80 build/Timer.o
 .debug_line    0x0000000000000413       0x60 build/stdlib.o
 .debug_line    0x0000000000000473       0xc6 build/stdio.o
 .debug_line    0x0000000000000539       0x55 build/armcpu.o
 .debug_line    0x000000000000058e       0xda build/task.o
 .debug_line    0x0000000000000668       0xa8 build/msg.o
 .debug_line    0x0000000000000710       0x6c build/event.o
 .debug_line    0x000000000000077c       0xe2 build/Kernel.o
 .debug_line    0x000000000000085e       0x78 /usr/lib/gcc/arm-none-eabi/6.3.1/libgcc.a(_udivsi3.o)
 .debug_line    0x00000000000008d6       0x5b /usr/lib/gcc/arm-none-eabi/6.3.1/libgcc.a(_dvmd_tls.o)

.debug_info     0x0000000000000000     0x38a2
 .debug_info    0x0000000000000000       0x4e build/Entry.os
 .debug_info    0x000000000000004e       0x80 build/Handler.o
 .debug_info    0x00000000000000ce      0x3bd build/main.o
 .debug_info    0x000000000000048b      0xf30 build/Regs.o
 .debug_info    0x00000000000013bb      0x62c build/Interrupt.o
 .debug_info    0x00000000000019e7      0xc41 build/Uart.o
 .debug_info    0x0000000000002628      0x29b build/Timer.o
 .debug_info    0x00000000000028c3       0xe7 build/stdlib.o
 .debug_info    0x00000000000029aa      0x295 build/stdio.o
 .debug_info    0x0000000000002c3f       0x6a build/armcpu.o
 .debug_info    0x0000000000002ca9      0x2ce build/task.o
 .debug_info    0x0000000000002f77      0x22b build/msg.o
 .debug_info    0x00000000000031a2      0x21c build/event.o
 .debug_info    0x00000000000033be      0x388 build/Kernel.o
 .debug_info    0x0000000000003746       0xae /usr/lib/gcc/arm-none-eabi/6.3.1/libgcc.a(_udivsi3.o)
 .debug_info    0x00000000000037f4       0xae /usr/lib/gcc/arm-none-eabi/6.3.1/libgcc.a(_dvmd_tls.o)

.debug_abbrev   0x0000000000000000      0xd1d
 .debug_abbrev  0x0000000000000000       0x14 build/Entry.os
 .debug_abbrev  0x0000000000000014       0x5a build/Handler.o
 .debug_abbrev  0x000000000000006e      0x103 build/main.o
 .debug_abbrev  0x0000000000000171      0x102 build/Regs.o
 .debug_abbrev  0x0000000000000273      0x17a build/Interrupt.o
 .debug_abbrev  0x00000000000003ed      0x1a7 build/Uart.o
 .debug_abbrev  0x0000000000000594      0x118 build/Timer.o
 .debug_abbrev  0x00000000000006ac       0xb5 build/stdlib.o
 .debug_abbrev  0x0000000000000761      0x11f build/stdio.o
 .debug_abbrev  0x0000000000000880       0x2c build/armcpu.o
 .debug_abbrev  0x00000000000008ac      0x168 build/task.o
 .debug_abbrev  0x0000000000000a14      0x11b build/msg.o
 .debug_abbrev  0x0000000000000b2f       0xcf build/event.o
 .debug_abbrev  0x0000000000000bfe       0xf7 build/Kernel.o
 .debug_abbrev  0x0000000000000cf5       0x14 /usr/lib/gcc/arm-none-eabi/6.3.1/libgcc.a(_udivsi3.o)
 .debug_abbrev  0x0000000000000d09       0x14 /usr/lib/gcc/arm-none-eabi/6.3.1/libgcc.a(_dvmd_tls.o)

.debug_aranges  0x0000000000000000      0x1f8
 .debug_aranges
                0x0000000000000000       0x20 build/Entry.os
 .debug_aranges
                0x0000000000000020       0x20 build/Handler.o
 .debug_aranges
                0x0000000000000040       0x20 build/main.o
 .debug_aranges
                0x0000000000000060       0x18 build/Regs.o
 .debug_aranges
                0x0000000000000078       0x20 build/Interrupt.o
 .debug_aranges
                0x0000000000000098       0x20 build/Uart.o
 .debug_aranges
                0x00000000000000b8       0x20 build/Timer.o
 .debug_aranges
                0x00000000000000d8       0x20 build/stdlib.o
 .debug_aranges
                0x00000000000000f8       0x20 build/stdio.o
 .debug_aranges
                0x0000000000000118       0x20 build/armcpu.o
 .debug_aranges
                0x0000000000000138       0x20 build/task.o
 .debug_aranges
                0x0000000000000158       0x20 build/msg.o
 .debug_aranges
                0x0000000000000178       0x20 build/event.o
 .debug_aranges
                0x0000000000000198       0x20 build/Kernel.o
 .debug_aranges
                0x00000000000001b8       0x20 /usr/lib/gcc/arm-none-eabi/6.3.1/libgcc.a(_udivsi3.o)
 .debug_aranges
                0x00000000000001d8       0x20 /usr/lib/gcc/arm-none-eabi/6.3.1/libgcc.a(_dvmd_tls.o)

.debug_str      0x0000000000000000     0x10d3
 .debug_str     0x0000000000000000       0xec build/Handler.o
                                        0x105 (size before relaxing)
 .debug_str     0x00000000000000ec      0x490 build/main.o
                                        0x573 (size before relaxing)
 .debug_str     0x000000000000057c      0x4dd build/Regs.o
                                        0x5d4 (size before relaxing)
 .debug_str     0x0000000000000a59       0xc1 build/Interrupt.o
                                        0x3b8 (size before relaxing)
 .debug_str     0x0000000000000b1a       0x5a build/Uart.o
                                        0x818 (size before relaxing)
 .debug_str     0x0000000000000b74      0x141 build/Timer.o
                                        0x252 (size before relaxing)
 .debug_str     0x0000000000000cb5       0x25 build/stdlib.o
                                        0x114 (size before relaxing)
 .debug_str     0x0000000000000cda       0x73 build/stdio.o
                                        0x17d (size before relaxing)
 .debug_str     0x0000000000000d4d       0x3b build/armcpu.o
                                         0xb0 (size before relaxing)
 .debug_str     0x0000000000000d88      0x188 build/task.o
                                        0x280 (size before relaxing)
 .debug_str     0x0000000000000f10       0xa8 build/msg.o
                                        0x1f4 (size before relaxing)
 .debug_str     0x0000000000000fb8       0x77 build/event.o
                                        0x4e1 (size before relaxing)
 .debug_str     0x000000000000102f       0xa4 build/Kernel.o
                                        0x58b (size before relaxing)

.debug_frame    0x0000000000000000      0x7a4
 .debug_frame   0x0000000000000000       0x50 build/Handler.o
 .debug_frame   0x0000000000000050      0x100 build/main.o
 .debug_frame   0x0000000000000150       0xb0 build/Interrupt.o
 .debug_frame   0x0000000000000200       0x8c build/Uart.o
 .debug_frame   0x000000000000028c       0x70 build/Timer.o
 .debug_frame   0x00000000000002fc       0x50 build/stdlib.o
 .debug_frame   0x000000000000034c       0xac build/stdio.o
 .debug_frame   0x00000000000003f8       0x90 build/armcpu.o
 .debug_frame   0x0000000000000488       0xf4 build/task.o
 .debug_frame   0x000000000000057c       0xb0 build/msg.o
 .debug_frame   0x000000000000062c       0x90 build/event.o
 .debug_frame   0x00000000000006bc       0xc8 build/Kernel.o
 .debug_frame   0x0000000000000784       0x20 /usr/lib/gcc/arm-none-eabi/6.3.1/libgcc.a(_udivsi3.o)
