Archive member included to satisfy reference by file (symbol)

/usr/lib/gcc/arm-none-eabi/6.3.1/libgcc.a(_udivsi3.o)
                              build/stdio.o (__aeabi_uidiv)
/usr/lib/gcc/arm-none-eabi/6.3.1/libgcc.a(_dvmd_tls.o)
                              /usr/lib/gcc/arm-none-eabi/6.3.1/libgcc.a(_udivsi3.o) (__aeabi_idiv0)

Memory Configuration

Name             Origin             Length             Attributes
*default*        0x0000000000000000 0xffffffffffffffff

Linker script and memory map

LOAD build/Entry.os
LOAD build/Handler.o
LOAD build/main.o
LOAD build/Regs.o
LOAD build/Interrupt.o
LOAD build/Uart.o
LOAD build/stdio.o
LOAD build/armcpu.o
LOAD /usr/lib/gcc/arm-none-eabi/6.3.1/libgcc.a
                0x0000000000000000                . = 0x0

.text           0x0000000000000000      0xccc
 *(vector_start)
 *(.text .rodata)
 .text          0x0000000000000000       0xd4 build/Entry.os
                0x0000000000000000                vector_start
                0x000000000000003c                vector_end
 .text          0x00000000000000d4       0x24 build/Handler.o
                0x00000000000000d4                Irq_Handler
                0x00000000000000f0                Fiq_Handler
 .text          0x00000000000000f8      0x148 build/main.o
                0x00000000000000f8                main
 .rodata        0x0000000000000240       0x9f build/main.o
 .text          0x00000000000002df        0x0 build/Regs.o
 *fill*         0x00000000000002df        0x1 
 .text          0x00000000000002e0      0x220 build/Interrupt.o
                0x00000000000002e0                Hal_interrupt_init
                0x000000000000037c                Hal_interrupt_enable
                0x0000000000000440                Hal_interrupt_register_handler
                0x0000000000000478                Hal_interrupt_run_handler
 .text          0x0000000000000500      0x1b4 build/Uart.o
                0x0000000000000500                Hal_uart_init
                0x00000000000005a0                Hal_uart_put_char
                0x00000000000005fc                Hal_uart_get_char
 .text          0x00000000000006b4      0x448 build/stdio.o
                0x00000000000006b4                putstr
                0x0000000000000714                debug_printf
                0x0000000000000764                vsprintf
                0x00000000000009e8                utoa
 .rodata        0x0000000000000afc        0x7 build/stdio.o
 *fill*         0x0000000000000b03        0x1 
 .text          0x0000000000000b04       0xb0 build/armcpu.o
                0x0000000000000b04                enable_irq
                0x0000000000000b30                enable_fiq
                0x0000000000000b5c                disable_irq
                0x0000000000000b88                disable_fiq
 .text          0x0000000000000bb4      0x114 /usr/lib/gcc/arm-none-eabi/6.3.1/libgcc.a(_udivsi3.o)
                0x0000000000000bb4                __udivsi3
                0x0000000000000bb4                __aeabi_uidiv
                0x0000000000000ca8                __aeabi_uidivmod
 .text          0x0000000000000cc8        0x4 /usr/lib/gcc/arm-none-eabi/6.3.1/libgcc.a(_dvmd_tls.o)
                0x0000000000000cc8                __aeabi_ldiv0
                0x0000000000000cc8                __aeabi_idiv0

.glue_7         0x0000000000000ccc        0x0
 .glue_7        0x0000000000000ccc        0x0 linker stubs

.glue_7t        0x0000000000000ccc        0x0
 .glue_7t       0x0000000000000ccc        0x0 linker stubs

.vfp11_veneer   0x0000000000000ccc        0x0
 .vfp11_veneer  0x0000000000000ccc        0x0 linker stubs

.v4_bx          0x0000000000000ccc        0x0
 .v4_bx         0x0000000000000ccc        0x0 linker stubs

.iplt           0x0000000000000ccc        0x0
 .iplt          0x0000000000000ccc        0x0 build/Entry.os

.rel.dyn        0x0000000000000ccc        0x0
 .rel.iplt      0x0000000000000ccc        0x0 build/Entry.os

.data           0x0000000000000ccc        0xc
 *(.data)
 .data          0x0000000000000ccc        0x0 build/Entry.os
 .data          0x0000000000000ccc        0x0 build/Handler.o
 .data          0x0000000000000ccc        0x0 build/main.o
 .data          0x0000000000000ccc        0xc build/Regs.o
                0x0000000000000ccc                Uart
                0x0000000000000cd0                GicCpu
                0x0000000000000cd4                GicDist
 .data          0x0000000000000cd8        0x0 build/Interrupt.o
 .data          0x0000000000000cd8        0x0 build/Uart.o
 .data          0x0000000000000cd8        0x0 build/stdio.o
 .data          0x0000000000000cd8        0x0 build/armcpu.o
 .data          0x0000000000000cd8        0x0 /usr/lib/gcc/arm-none-eabi/6.3.1/libgcc.a(_udivsi3.o)
 .data          0x0000000000000cd8        0x0 /usr/lib/gcc/arm-none-eabi/6.3.1/libgcc.a(_dvmd_tls.o)

.igot.plt       0x0000000000000cd8        0x0
 .igot.plt      0x0000000000000cd8        0x0 build/Entry.os

.bss            0x0000000000000cd8      0x7fc
 *(.bss)
 .bss           0x0000000000000cd8        0x0 build/Entry.os
 .bss           0x0000000000000cd8        0x0 build/Handler.o
 .bss           0x0000000000000cd8        0x0 build/main.o
 .bss           0x0000000000000cd8        0x0 build/Regs.o
 .bss           0x0000000000000cd8      0x3fc build/Interrupt.o
 .bss           0x00000000000010d4        0x0 build/Uart.o
 .bss           0x00000000000010d4      0x400 build/stdio.o
 .bss           0x00000000000014d4        0x0 build/armcpu.o
 .bss           0x00000000000014d4        0x0 /usr/lib/gcc/arm-none-eabi/6.3.1/libgcc.a(_udivsi3.o)
 .bss           0x00000000000014d4        0x0 /usr/lib/gcc/arm-none-eabi/6.3.1/libgcc.a(_dvmd_tls.o)
OUTPUT(build/SimpleOS.axf elf32-littlearm)

.ARM.attributes
                0x0000000000000000       0x33
 .ARM.attributes
                0x0000000000000000       0x25 build/Entry.os
 .ARM.attributes
                0x0000000000000025       0x37 build/Handler.o
 .ARM.attributes
                0x000000000000005c       0x37 build/main.o
 .ARM.attributes
                0x0000000000000093       0x37 build/Regs.o
 .ARM.attributes
                0x00000000000000ca       0x37 build/Interrupt.o
 .ARM.attributes
                0x0000000000000101       0x37 build/Uart.o
 .ARM.attributes
                0x0000000000000138       0x37 build/stdio.o
 .ARM.attributes
                0x000000000000016f       0x37 build/armcpu.o
 .ARM.attributes
                0x00000000000001a6       0x18 /usr/lib/gcc/arm-none-eabi/6.3.1/libgcc.a(_udivsi3.o)
 .ARM.attributes
                0x00000000000001be       0x18 /usr/lib/gcc/arm-none-eabi/6.3.1/libgcc.a(_dvmd_tls.o)

.comment        0x0000000000000000       0x31
 .comment       0x0000000000000000       0x31 build/Handler.o
                                         0x32 (size before relaxing)
 .comment       0x0000000000000031       0x32 build/main.o
 .comment       0x0000000000000031       0x32 build/Regs.o
 .comment       0x0000000000000031       0x32 build/Interrupt.o
 .comment       0x0000000000000031       0x32 build/Uart.o
 .comment       0x0000000000000031       0x32 build/stdio.o
 .comment       0x0000000000000031       0x32 build/armcpu.o

.debug_line     0x0000000000000000      0x4b0
 .debug_line    0x0000000000000000       0x6d build/Entry.os
 .debug_line    0x000000000000006d       0x44 build/Handler.o
 .debug_line    0x00000000000000b1       0x6b build/main.o
 .debug_line    0x000000000000011c       0x63 build/Regs.o
 .debug_line    0x000000000000017f       0xba build/Interrupt.o
 .debug_line    0x0000000000000239       0x89 build/Uart.o
 .debug_line    0x00000000000002c2       0xc6 build/stdio.o
 .debug_line    0x0000000000000388       0x55 build/armcpu.o
 .debug_line    0x00000000000003dd       0x78 /usr/lib/gcc/arm-none-eabi/6.3.1/libgcc.a(_udivsi3.o)
 .debug_line    0x0000000000000455       0x5b /usr/lib/gcc/arm-none-eabi/6.3.1/libgcc.a(_dvmd_tls.o)

.debug_info     0x0000000000000000     0x266f
 .debug_info    0x0000000000000000       0x4e build/Entry.os
 .debug_info    0x000000000000004e       0x80 build/Handler.o
 .debug_info    0x00000000000000ce      0x105 build/main.o
 .debug_info    0x00000000000001d3      0xf30 build/Regs.o
 .debug_info    0x0000000000001103      0x5fa build/Interrupt.o
 .debug_info    0x00000000000016fd      0xb17 build/Uart.o
 .debug_info    0x0000000000002214      0x295 build/stdio.o
 .debug_info    0x00000000000024a9       0x6a build/armcpu.o
 .debug_info    0x0000000000002513       0xae /usr/lib/gcc/arm-none-eabi/6.3.1/libgcc.a(_udivsi3.o)
 .debug_info    0x00000000000025c1       0xae /usr/lib/gcc/arm-none-eabi/6.3.1/libgcc.a(_dvmd_tls.o)

.debug_abbrev   0x0000000000000000      0x699
 .debug_abbrev  0x0000000000000000       0x14 build/Entry.os
 .debug_abbrev  0x0000000000000014       0x5a build/Handler.o
 .debug_abbrev  0x000000000000006e       0xab build/main.o
 .debug_abbrev  0x0000000000000119      0x102 build/Regs.o
 .debug_abbrev  0x000000000000021b      0x17a build/Interrupt.o
 .debug_abbrev  0x0000000000000395      0x191 build/Uart.o
 .debug_abbrev  0x0000000000000526      0x11f build/stdio.o
 .debug_abbrev  0x0000000000000645       0x2c build/armcpu.o
 .debug_abbrev  0x0000000000000671       0x14 /usr/lib/gcc/arm-none-eabi/6.3.1/libgcc.a(_udivsi3.o)
 .debug_abbrev  0x0000000000000685       0x14 /usr/lib/gcc/arm-none-eabi/6.3.1/libgcc.a(_dvmd_tls.o)

.debug_aranges  0x0000000000000000      0x138
 .debug_aranges
                0x0000000000000000       0x20 build/Entry.os
 .debug_aranges
                0x0000000000000020       0x20 build/Handler.o
 .debug_aranges
                0x0000000000000040       0x20 build/main.o
 .debug_aranges
                0x0000000000000060       0x18 build/Regs.o
 .debug_aranges
                0x0000000000000078       0x20 build/Interrupt.o
 .debug_aranges
                0x0000000000000098       0x20 build/Uart.o
 .debug_aranges
                0x00000000000000b8       0x20 build/stdio.o
 .debug_aranges
                0x00000000000000d8       0x20 build/armcpu.o
 .debug_aranges
                0x00000000000000f8       0x20 /usr/lib/gcc/arm-none-eabi/6.3.1/libgcc.a(_udivsi3.o)
 .debug_aranges
                0x0000000000000118       0x20 /usr/lib/gcc/arm-none-eabi/6.3.1/libgcc.a(_dvmd_tls.o)

.debug_str      0x0000000000000000      0x7f1
 .debug_str     0x0000000000000000       0xec build/Handler.o
                                        0x105 (size before relaxing)
 .debug_str     0x00000000000000ec       0x3e build/main.o
                                        0x121 (size before relaxing)
 .debug_str     0x000000000000012a      0x4ed build/Regs.o
                                        0x5d4 (size before relaxing)
 .debug_str     0x0000000000000617       0xab build/Interrupt.o
                                        0x3a2 (size before relaxing)
 .debug_str     0x00000000000006c2       0x7d build/Uart.o
                                        0x470 (size before relaxing)
 .debug_str     0x000000000000073f       0x77 build/stdio.o
                                        0x17c (size before relaxing)
 .debug_str     0x00000000000007b6       0x3b build/armcpu.o
                                         0xb0 (size before relaxing)

.debug_frame    0x0000000000000000      0x334
 .debug_frame   0x0000000000000000       0x50 build/Handler.o
 .debug_frame   0x0000000000000050       0x6c build/main.o
 .debug_frame   0x00000000000000bc       0x90 build/Interrupt.o
 .debug_frame   0x000000000000014c       0x8c build/Uart.o
 .debug_frame   0x00000000000001d8       0xac build/stdio.o
 .debug_frame   0x0000000000000284       0x90 build/armcpu.o
 .debug_frame   0x0000000000000314       0x20 /usr/lib/gcc/arm-none-eabi/6.3.1/libgcc.a(_udivsi3.o)
